// Jest Snapshot v1, https://goo.gl/fbAQLP

exports[`fields/MarkdownEditor/helpers#deserialize() should return the expected AST 1`] = `
[
  {
    "children": [
      {
        "text": "Header 1",
      },
    ],
    "type": "heading_one",
  },
  {
    "children": [
      {
        "text": "Header 2",
      },
    ],
    "type": "heading_two",
  },
  {
    "children": [
      {
        "text": "Header 3",
      },
    ],
    "type": "heading_three",
  },
  {
    "children": [
      {
        "text": "Header 4",
      },
    ],
    "type": "heading_four",
  },
  {
    "children": [
      {
        "text": "Header 5",
      },
    ],
    "type": "heading_five",
  },
  {
    "children": [
      {
        "text": "Header 6",
      },
    ],
    "type": "heading_six",
  },
  {
    "children": [
      {
        "text": "A paragraph.",
      },
    ],
    "type": "paragraph",
  },
  {
    "children": [
      {
        "text": "Some ",
      },
      {
        "bold": true,
        "text": "bold text",
      },
      {
        "text": ".",
      },
    ],
    "type": "paragraph",
  },
  {
    "children": [
      {
        "text": "Some ",
      },
      {
        "italic": true,
        "text": "italic text",
      },
      {
        "text": ".",
      },
    ],
    "type": "paragraph",
  },
  {
    "children": [
      {
        "text": "A quote.",
      },
    ],
    "type": "block_quote",
  },
  {
    "children": [
      {
        "text": "And ",
      },
      {
        "children": [
          {
            "text": "a link",
          },
        ],
        "link": "https://www.example.com",
        "type": "link",
      },
      {
        "text": ".",
      },
    ],
    "type": "paragraph",
  },
]
`;
